
> cosmic-shepard@0.1.0 build
> next build

   Ôû▓ Next.js 16.0.10 (Turbopack)

   Creating an optimized production build ...
 Ô£ô Compiled successfully in 1460.3ms
   Running TypeScript ...
   Collecting page data using 23 workers ...
   Generating static pages using 23 workers (0/13) ...
node.exe : Error occurred prerendering 
page "/". Read more: https://nextjs.org/doc
s/messages/prerender-error
En línea: 1 Carácter: 1
+ & "C:\Program Files\nodejs/node.exe" 
"C:\Program Files\nodejs/node_mo ...
+ ~~~~~~~~~~~~~~~~~~~~~~~~~~~~~~~~~~~~~~~~~
~~~~~~~~~~~~~~~~~~~~~~~~~~~~
    + CategoryInfo          : NotSpecified 
   : (Error occurred ...prerender-error:S  
  tring) [], RemoteException
    + FullyQualifiedErrorId : NativeComman 
   dError
 
Error: Functions cannot be passed directly 
to Client Components unless you explicitly 
expose it by marking it with "use server". 
Or maybe you meant to call this function 
rather than return it.
  {$$typeof: ..., render: function, 
displayName: ...}
                          ^^^^^^^^
    at stringify (<anonymous>) {
  digest: '4183331483'
}
Export encountered an error on /page: /, 
exiting the build.
 Ô¿» Next.js build worker exited with 
code: 1 and signal: null
